test.a = test.b
test.hello = ::c
test.y = ?.r
test.a = nested.b
?.x = test.hello
::c = ?.y